{"code":"var x = 5;\nvar y = 10;\nvar z = x + y;\nvar w = z - (y / x);\n","trace":[{"line":1,"event":"step_line","func_name":"<module>","globals":{"x":5},"ordered_globals":["x"],"stack_to_render":[],"heap":{},"stdout":""},{"line":2,"event":"step_line","func_name":"<module>","globals":{"x":5,"y":10},"ordered_globals":["x","y"],"stack_to_render":[],"heap":{},"stdout":""},{"line":3,"event":"step_line","func_name":"<module>","globals":{"x":5,"y":10,"z":15},"ordered_globals":["x","y","z"],"stack_to_render":[],"heap":{},"stdout":""},{"line":4,"event":"step_line","func_name":"<module>","globals":{"x":5,"y":10,"z":15,"w":13},"ordered_globals":["x","y","z","w"],"stack_to_render":[],"heap":{},"stdout":""}]}
